[16:29:26] scoot scootbar startup r1 ok {'latency_ms': 29.71}
[16:29:26] scoot scootbar startup r2 ok {'latency_ms': 29.56}
[16:29:26] scoot scootbar startup r3 ok {'latency_ms': 43.33}
[16:29:26] scoot scootbar startup r4 ok {'latency_ms': 30.28}
[16:29:26] scoot scootbar startup r5 ok {'latency_ms': 33.03}
[16:29:26] scoot scootbar idle    r1 ok {'rss_kb': 3600, 'pss_kb': 2094, 'wakeups_per_min': 2.0, 'idle_cpu_ms': 0.95, 'switch_cpu_ms': 0.27}
[16:35:59] sway  scootbar startup r1 ok {'latency_ms': 17.19}
[16:35:59] sway  scootbar startup r2 ok {'latency_ms': 17.48}
[16:35:59] sway  scootbar startup r3 ok {'latency_ms': 8.01}
[16:35:59] sway  scootbar startup r4 ok {'latency_ms': 16.88}
[16:35:59] sway  scootbar startup r5 ok {'latency_ms': 8.23}
[16:35:59] sway  scootbar idle    r1 ok {'rss_kb': 3616, 'pss_kb': 2144, 'wakeups_per_min': 2.0, 'idle_cpu_ms': 0.65, 'switch_cpu_ms': 0.22}
**On scoot** (scoot 0.1.0 (ipc protocol 5))

| Row | scootbar |
|---|---|
| Size: stripped binary + non-glibc `ldd` closure (bytes) | 1,383,080 |
| Bare executable, stripped (bytes) *(not gated)* | 1,249,984 |
| Startup to first frame (ms) | 30.3 [29.6–43.3] |
| Idle RSS (MiB) | 3.5 |
| Idle PSS (MiB) | 2.0 |
| Idle heap (`RssAnon`) (MiB) | 0.4 |
| Peak memory (`VmHWM`) (MiB) | 3.5 |
| Idle wakeups per minute | 2 |
| Idle CPU in the window (ms) | 1.0 |
| CPU while switching workspaces (ms) | 0.3 |
| Wakeups while switching workspaces *(not gated)* | 2 |
| Threads *(not gated)* | 1 |

**On sway** (sway version 1.12)

| Row | scootbar |
|---|---|
| Size: stripped binary + non-glibc `ldd` closure (bytes) | 1,383,080 |
| Bare executable, stripped (bytes) *(not gated)* | 1,249,984 |
| Startup to first frame (ms) | 16.9 [8.0–17.5] |
| Idle RSS (MiB) | 3.5 |
| Idle PSS (MiB) | 2.1 |
| Idle heap (`RssAnon`) (MiB) | 0.4 |
| Peak memory (`VmHWM`) (MiB) | 3.5 |
| Idle wakeups per minute | 2 |
| Idle CPU in the window (ms) | 0.7 |
| CPU while switching workspaces (ms) | 0.2 |
| Wakeups while switching workspaces *(not gated)* | 2 |
| Threads *(not gated)* | 1 |

Machine, 24 readings around the runs: governor schedutil; cpufreq policy cap below the hardware maximum in 0; current frequency seen 600 to 3204 MHz; a mains supply offline in 0 of them; hwmon temperatures 22 to 26 C.

scootbar's code: 25,643 lines of Rust in `crates/scootbar/src`, 16,564 outside `tests.rs` files; 10 direct dependencies on Linux (ab_glyph, png, rustix, scootbg-mem, serde, serde_json, toml, wayland-client, wayland-protocols, wayland-protocols-wlr).

Gate (no competitor beats scootbar): 0 loss(es).
