[20:19:04] scoot scootbar startup r1 ok {'latency_ms': 24.64}
[20:19:04] scoot scootbar startup r2 ok {'latency_ms': 36.8}
[20:19:04] scoot scootbar startup r3 ok {'latency_ms': 35.03}
[20:19:04] scoot scootbar startup r4 ok {'latency_ms': 28.8}
[20:19:04] scoot scootbar startup r5 ok {'latency_ms': 31.03}
[20:19:04] scoot scootbar idle    r1 ok {'rss_kb': 3600, 'pss_kb': 2166, 'wakeups_per_min': 2.0, 'idle_cpu_ms': 1.04, 'switch_cpu_ms': 0.25}
[20:25:38] sway  scootbar startup r1 ok {'latency_ms': 18.45}
[20:25:38] sway  scootbar startup r2 ok {'latency_ms': 7.84}
[20:25:38] sway  scootbar startup r3 ok {'latency_ms': 16.81}
[20:25:38] sway  scootbar startup r4 ok {'latency_ms': 25.44}
[20:25:38] sway  scootbar startup r5 ok {'latency_ms': 8.19}
[20:25:38] sway  scootbar idle    r1 ok {'rss_kb': 3600, 'pss_kb': 2200, 'wakeups_per_min': 2.0, 'idle_cpu_ms': 0.89, 'switch_cpu_ms': 0.24}
**On scoot** (scoot 0.1.0 (ipc protocol 5))

| Row | scootbar |
|---|---|
| Size: stripped binary + non-glibc `ldd` closure (bytes) | 1,383,080 |
| Bare executable, stripped (bytes) *(not gated)* | 1,249,984 |
| Startup to first frame (ms) | 31.0 [24.6–36.8] |
| Idle RSS (MiB) | 3.5 |
| Idle PSS (MiB) | 2.1 |
| Idle heap (`RssAnon`) (MiB) | 0.4 |
| Peak memory (`VmHWM`) (MiB) | 3.5 |
| Idle wakeups per minute | 2 |
| Idle CPU in the window (ms) | 1.0 |
| CPU while switching workspaces (ms) | 0.2 |
| Wakeups while switching workspaces *(not gated)* | 2 |
| Threads *(not gated)* | 1 |

**On sway** (sway version 1.12)

| Row | scootbar |
|---|---|
| Size: stripped binary + non-glibc `ldd` closure (bytes) | 1,383,080 |
| Bare executable, stripped (bytes) *(not gated)* | 1,249,984 |
| Startup to first frame (ms) | 16.8 [7.8–25.4] |
| Idle RSS (MiB) | 3.5 |
| Idle PSS (MiB) | 2.1 |
| Idle heap (`RssAnon`) (MiB) | 0.4 |
| Peak memory (`VmHWM`) (MiB) | 3.5 |
| Idle wakeups per minute | 2 |
| Idle CPU in the window (ms) | 0.9 |
| CPU while switching workspaces (ms) | 0.2 |
| Wakeups while switching workspaces *(not gated)* | 2 |
| Threads *(not gated)* | 1 |

Machine, 24 readings around the runs: governor schedutil; cpufreq policy cap below the hardware maximum in 0; current frequency seen 600 to 3204 MHz; a mains supply offline in 0 of them; hwmon temperatures 24 to 32 C.

scootbar's code: 25,549 lines of Rust in `crates/scootbar/src`, 16,514 outside `tests.rs` files; 10 direct dependencies on Linux (ab_glyph, png, rustix, scootbg-mem, serde, serde_json, toml, wayland-client, wayland-protocols, wayland-protocols-wlr).

Gate (no competitor beats scootbar): 0 loss(es).
