=== main, no module placed
t0 rss_kb=3764 hwm_kb=3764 pss_kb=2191 threads=1 fds=7 vol=4 nonvol=4 utime_ticks=0 stime_ticks=0
t60 rss_kb=3764 hwm_kb=3764 pss_kb=2197 threads=1 fds=7 vol=4 nonvol=4 utime_ticks=0 stime_ticks=0
query:
{"type":"modules","modules":[]}

binary_bytes=1905376
bar.log lines: 0
=== branch (media built), no module placed
t0 rss_kb=3828 hwm_kb=3828 pss_kb=2261 threads=1 fds=7 vol=5 nonvol=0 utime_ticks=0 stime_ticks=0
t60 rss_kb=3828 hwm_kb=3828 pss_kb=2261 threads=1 fds=7 vol=5 nonvol=0 utime_ticks=0 stime_ticks=0
query:
{"type":"modules","modules":[]}

binary_bytes=1970912
bar.log lines: 0
=== branch, media feature off, no module placed
t0 rss_kb=3824 hwm_kb=3824 pss_kb=2257 threads=1 fds=7 vol=5 nonvol=0 utime_ticks=0 stime_ticks=0
t60 rss_kb=3824 hwm_kb=3824 pss_kb=2260 threads=1 fds=7 vol=5 nonvol=0 utime_ticks=0 stime_ticks=0
query:
{"type":"modules","modules":[]}

binary_bytes=1905376
bar.log lines: 0
=== main, clock
t0 rss_kb=4180 hwm_kb=4180 pss_kb=2398 threads=1 fds=8 vol=7 nonvol=0 utime_ticks=0 stime_ticks=0
t60 rss_kb=4180 hwm_kb=4180 pss_kb=2401 threads=1 fds=8 vol=9 nonvol=0 utime_ticks=0 stime_ticks=0
query:
{"type":"modules","modules":[{"id":"clock","section":"right","output":"headless","text":"8:30 pm","class":"normal"}]}

binary_bytes=1905376
bar.log lines: 0
=== branch, media feature off, clock
t0 rss_kb=4068 hwm_kb=4068 pss_kb=2366 threads=1 fds=8 vol=6 nonvol=1 utime_ticks=0 stime_ticks=0
t60 rss_kb=4244 hwm_kb=4244 pss_kb=2464 threads=1 fds=8 vol=8 nonvol=1 utime_ticks=0 stime_ticks=0
query:
{"type":"modules","modules":[{"id":"clock","section":"right","output":"headless","text":"8:31 pm","class":"normal"}]}

binary_bytes=1905376
bar.log lines: 0
=== branch, media built and not placed, clock
t0 rss_kb=4132 hwm_kb=4132 pss_kb=2437 threads=1 fds=8 vol=5 nonvol=1 utime_ticks=0 stime_ticks=0
t60 rss_kb=4308 hwm_kb=4308 pss_kb=2521 threads=1 fds=8 vol=7 nonvol=1 utime_ticks=0 stime_ticks=0
query:
{"type":"modules","modules":[{"id":"clock","section":"right","output":"headless","text":"8:32 pm","class":"normal"}]}

binary_bytes=1970912
bar.log lines: 0
=== media alone, no bus
t0 rss_kb=4196 hwm_kb=4196 pss_kb=2439 threads=1 fds=8 vol=5 nonvol=1 utime_ticks=0 stime_ticks=0
t60 rss_kb=4196 hwm_kb=4196 pss_kb=2433 threads=1 fds=8 vol=5 nonvol=1 utime_ticks=0 stime_ticks=0
query:
{"type":"modules","modules":[{"id":"media","section":"left","output":"headless","text":"","class":"normal"}]}

binary_bytes=1970912
bar.log lines: 1
scootbar: media: no session bus (bus No such file or directory (os error 2)); waiting for one
=== media alone, bus, no player
t0 rss_kb=4144 hwm_kb=4144 pss_kb=2403 threads=1 fds=8 vol=14 nonvol=2 utime_ticks=0 stime_ticks=0
t60 rss_kb=4144 hwm_kb=4144 pss_kb=2411 threads=1 fds=8 vol=14 nonvol=2 utime_ticks=0 stime_ticks=0
query:
{"type":"modules","modules":[{"id":"media","section":"left","output":"headless","text":"","class":"normal"}]}

binary_bytes=1970912
bar.log lines: 0
=== media alone, bus, one paused stub
t0 rss_kb=4380 hwm_kb=4380 pss_kb=2545 threads=1 fds=8 vol=9 nonvol=4 utime_ticks=0 stime_ticks=0
t60 rss_kb=4380 hwm_kb=4380 pss_kb=2545 threads=1 fds=8 vol=9 nonvol=4 utime_ticks=0 stime_ticks=0
query:
{"type":"modules","modules":[{"id":"media","section":"left","output":"headless","text":"Ada Lovelace - Track One","class":"muted","tooltip":"stub1 (paused): Ada Lovelace - Track One","value":{"artist":"Ada Lovelace","bus_name":"org.mpris.MediaPlayer2.stub1","player":"stub1","players":[{"bus_name":"org.mpris.MediaPlayer2.stub1","status":"paused"}],"status":"paused","title":"Track One"}}]}

binary_bytes=1970912
bar.log lines: 0
=== media alone, bus, one playing stub
t0 rss_kb=4392 hwm_kb=4392 pss_kb=2540 threads=1 fds=8 vol=14 nonvol=3 utime_ticks=0 stime_ticks=0
t60 rss_kb=4392 hwm_kb=4392 pss_kb=2551 threads=1 fds=8 vol=14 nonvol=3 utime_ticks=0 stime_ticks=0
query:
{"type":"modules","modules":[{"id":"media","section":"left","output":"headless","text":"Ada Lovelace - Track One","class":"normal","tooltip":"stub1 (playing): Ada Lovelace - Track One","value":{"artist":"Ada Lovelace","bus_name":"org.mpris.MediaPlayer2.stub1","player":"stub1","players":[{"bus_name":"org.mpris.MediaPlayer2.stub1","status":"playing"}],"status":"playing","title":"Track One"}}]}

binary_bytes=1970912
bar.log lines: 0
=== media alone, bus, eight playing stubs
t0 rss_kb=4392 hwm_kb=4392 pss_kb=2537 threads=1 fds=8 vol=34 nonvol=0 utime_ticks=0 stime_ticks=0
t60 rss_kb=3688 hwm_kb=4140 pss_kb=1844 threads=1 fds=8 vol=34 nonvol=0 utime_ticks=0 stime_ticks=0
query:
{"type":"modules","modules":[{"id":"media","section":"left","output":"headless","text":"Ada Lovelace - Track One","class":"normal","tooltip":"stub6 (playing): Ada Lovelace - Track One","value":{"artist":"Ada Lovelace","bus_name":"org.mpris.MediaPlayer2.stub6","player":"stub6","players":[{"bus_name":"org.mpris.MediaPlayer2.stub5","status":"playing"},{"bus_name":"org.mpris.MediaPlayer2.stub4","status":"playing"},{"bus_name":"org.mpris.MediaPlayer2.stub2","status":"playing"},{"bus_name":"org.mpris.MediaPlayer2.stub1","status":"playing"},{"bus_name":"org.mpris.MediaPlayer2.stub7","status":"playing
binary_bytes=1970912
bar.log lines: 0
=== media alone, bus, one real mpv playing a file
t0 rss_kb=4380 hwm_kb=4380 pss_kb=2547 threads=1 fds=8 vol=13 nonvol=0 utime_ticks=0 stime_ticks=0
t60 rss_kb=4380 hwm_kb=4380 pss_kb=2547 threads=1 fds=8 vol=13 nonvol=0 utime_ticks=0 stime_ticks=0
query:
{"type":"modules","modules":[{"id":"media","section":"left","output":"headless","text":"Real Song","class":"normal","tooltip":"mpv (playing): Real Song","value":{"artist":"","bus_name":"org.mpris.MediaPlayer2.mpv","player":"mpv","players":[{"bus_name":"org.mpris.MediaPlayer2.mpv","status":"playing"}],"status":"playing","title":"Real Song"}}]}

binary_bytes=1970912
bar.log lines: 0
=== media alone, bus, mpv playing its lavfi sine (re-sends its metadata each second)
t0 rss_kb=4368 hwm_kb=4368 pss_kb=2545 threads=1 fds=8 vol=25 nonvol=0 utime_ticks=0 stime_ticks=0
t60 rss_kb=4048 hwm_kb=4048 pss_kb=2217 threads=1 fds=8 vol=85 nonvol=0 utime_ticks=0 stime_ticks=1
query:
{"type":"modules","modules":[{"id":"media","section":"left","output":"headless","text":"Real Song","class":"normal","tooltip":"mpv (playing): Real Song","value":{"artist":"","bus_name":"org.mpris.MediaPlayer2.mpv","player":"mpv","players":[{"bus_name":"org.mpris.MediaPlayer2.mpv","status":"playing"}],"status":"playing","title":"Real Song"}}]}

binary_bytes=1970912
bar.log lines: 0
=== media and clock, bus, one playing stub
t0 rss_kb=4396 hwm_kb=4396 pss_kb=2559 threads=1 fds=9 vol=13 nonvol=0 utime_ticks=0 stime_ticks=0
t60 rss_kb=4332 hwm_kb=4332 pss_kb=2487 threads=1 fds=9 vol=15 nonvol=0 utime_ticks=0 stime_ticks=0
query:
{"type":"modules","modules":[{"id":"media","section":"left","output":"headless","text":"Ada Lovelace - Track One","class":"normal","tooltip":"stub1 (playing): Ada Lovelace - Track One","value":{"artist":"Ada Lovelace","bus_name":"org.mpris.MediaPlayer2.stub1","player":"stub1","players":[{"bus_name":"org.mpris.MediaPlayer2.stub1","status":"playing"}],"status":"playing","title":"Track One"}},{"id":"clock","section":"right","output":"headless","text":"8:42 pm","class":"normal"}]}

binary_bytes=1970912
bar.log lines: 0
ALLDONE
