warning: $HOME ('/home/steve') is not owned by you, falling back to the one defined in the 'passwd' file ('/root')
[03:41:39] scoot scootbar startup r1 ok {'latency_ms': 29.22}
[03:41:39] scoot scootbar startup r2 ok {'latency_ms': 31.63}
[03:41:39] scoot scootbar startup r3 ok {'latency_ms': 32.12}
[03:41:39] scoot scootbar startup r4 ok {'latency_ms': 47.78}
[03:41:39] scoot scootbar startup r5 ok {'latency_ms': 29.52}
[03:41:39] scoot scootbar idle    r1 ok {'rss_kb': 3680, 'pss_kb': 2185, 'wakeups_per_min': 2.0, 'idle_cpu_ms': 1.3, 'switch_cpu_ms': 0.24}
**On scoot** (scoot 0.1.0 (ipc protocol 5))

| Row | scootbar |
|---|---|
| Size: stripped binary + non-glibc `ldd` closure (bytes) | 1,448,648 |
| Bare executable, stripped (bytes) *(not gated)* | 1,315,552 |
| Startup to first frame (ms) | 31.6 [29.2–47.8] |
| Idle RSS (MiB) | 3.6 |
| Idle PSS (MiB) | 2.1 |
| Idle heap (`RssAnon`) (MiB) | 0.5 |
| Peak memory (`VmHWM`) (MiB) | 3.6 |
| Idle wakeups per minute | 2 |
| Idle CPU in the window (ms) | 1.3 |
| CPU while switching workspaces (ms) | 0.2 |
| Wakeups while switching workspaces *(not gated)* | 2 |
| Threads *(not gated)* | 1 |

Machine, 12 readings around the runs: governor schedutil; cpufreq policy cap below the hardware maximum in 0; current frequency seen 600 to 2988 MHz; a mains supply offline in 0 of them; hwmon temperatures 22 to 26 C.

scootbar's code: 34,909 lines of Rust in `crates/scootbar/src`, 22,779 outside `tests.rs` files; 10 direct dependencies on Linux (ab_glyph, png, rustix, scootbg-mem, serde, serde_json, toml, wayland-client, wayland-protocols, wayland-protocols-wlr).

Gate (no competitor beats scootbar): 0 loss(es).
