[14:40:55] scoot scootbar startup r1 ok {'latency_ms': 22.87}
[14:40:55] scoot scootbar startup r2 ok {'latency_ms': 37.81}
[14:40:55] scoot scootbar startup r3 ok {'latency_ms': 37.72}
[14:40:55] scoot scootbar startup r4 ok {'latency_ms': 49.53}
[14:40:55] scoot scootbar startup r5 ok {'latency_ms': 33.76}
[14:40:55] scoot scootbar idle    r1 ok {'rss_kb': 3808, 'pss_kb': 2300, 'wakeups_per_min': 2.0, 'idle_cpu_ms': 0.95, 'switch_cpu_ms': 0.21}
[14:47:28] sway  scootbar startup r1 ok {'latency_ms': 8.95}
[14:47:28] sway  scootbar startup r2 ok {'latency_ms': 17.4}
[14:47:28] sway  scootbar startup r3 ok {'latency_ms': 8.82}
[14:47:28] sway  scootbar startup r4 ok {'latency_ms': 18.39}
[14:47:28] sway  scootbar startup r5 ok {'latency_ms': 8.81}
[14:47:28] sway  scootbar idle    r1 ok {'rss_kb': 3776, 'pss_kb': 2316, 'wakeups_per_min': 2.0, 'idle_cpu_ms': 0.82, 'switch_cpu_ms': 0.15}
**On scoot** (scoot 0.1.0 (ipc protocol 5))

| Row | scootbar |
|---|---|
| Size: stripped binary + non-glibc `ldd` closure (bytes) | 1,645,256 |
| Bare executable, stripped (bytes) *(not gated)* | 1,512,160 |
| Startup to first frame (ms) | 37.7 [22.9–49.5] |
| Idle RSS (MiB) | 3.7 |
| Idle PSS (MiB) | 2.2 |
| Idle heap (`RssAnon`) (MiB) | 0.4 |
| Peak memory (`VmHWM`) (MiB) | 3.7 |
| Idle wakeups per minute | 2 |
| Idle CPU in the window (ms) | 0.9 |
| CPU while switching workspaces (ms) | 0.2 |
| Wakeups while switching workspaces *(not gated)* | 2 |
| Threads *(not gated)* | 1 |

**On sway** (sway version 1.12)

| Row | scootbar |
|---|---|
| Size: stripped binary + non-glibc `ldd` closure (bytes) | 1,645,256 |
| Bare executable, stripped (bytes) *(not gated)* | 1,512,160 |
| Startup to first frame (ms) | 8.9 [8.8–18.4] |
| Idle RSS (MiB) | 3.7 |
| Idle PSS (MiB) | 2.3 |
| Idle heap (`RssAnon`) (MiB) | 0.4 |
| Peak memory (`VmHWM`) (MiB) | 3.7 |
| Idle wakeups per minute | 2 |
| Idle CPU in the window (ms) | 0.8 |
| CPU while switching workspaces (ms) | 0.1 |
| Wakeups while switching workspaces *(not gated)* | 2 |
| Threads *(not gated)* | 1 |

Machine, 24 readings around the runs: governor schedutil; cpufreq policy cap below the hardware maximum in 0; current frequency seen 600 to 3204 MHz; a mains supply offline in 0 of them; hwmon temperatures 22 to 27 C.

scootbar's code: 35,512 lines of Rust in `crates/scootbar/src`, 23,176 outside `tests.rs` files; 10 direct dependencies on Linux (ab_glyph, png, rustix, scootbg-mem, serde, serde_json, toml, wayland-client, wayland-protocols, wayland-protocols-wlr).

Gate (no competitor beats scootbar): 0 loss(es).
