[14:24:45] scoot scootbar startup r1 ok {'latency_ms': 30.78}
[14:24:45] scoot scootbar startup r2 ok {'latency_ms': 36.9}
[14:24:45] scoot scootbar startup r3 ok {'latency_ms': 38.49}
[14:24:45] scoot scootbar startup r4 ok {'latency_ms': 45.88}
[14:24:45] scoot scootbar startup r5 ok {'latency_ms': 38.88}
[14:24:45] scoot scootbar idle    r1 ok {'rss_kb': 3360, 'pss_kb': 1851, 'wakeups_per_min': 2.0, 'idle_cpu_ms': 0.96, 'switch_cpu_ms': 0.22}
[14:31:19] sway  scootbar startup r1 ok {'latency_ms': 8.81}
[14:31:19] sway  scootbar startup r2 ok {'latency_ms': 18.16}
[14:31:19] sway  scootbar startup r3 ok {'latency_ms': 16.73}
[14:31:19] sway  scootbar startup r4 ok {'latency_ms': 26.35}
[14:31:19] sway  scootbar startup r5 ok {'latency_ms': 3.63}
[14:31:19] sway  scootbar idle    r1 ok {'rss_kb': 3424, 'pss_kb': 1951, 'wakeups_per_min': 2.0, 'idle_cpu_ms': 0.8, 'switch_cpu_ms': 0.18}
**On scoot** (scoot 0.1.0 (ipc protocol 5))

| Row | scootbar |
|---|---|
| Size: stripped binary + non-glibc `ldd` closure (bytes) | 1,645,256 |
| Bare executable, stripped (bytes) *(not gated)* | 1,512,160 |
| Startup to first frame (ms) | 38.5 [30.8–45.9] |
| Idle RSS (MiB) | 3.3 |
| Idle PSS (MiB) | 1.8 |
| Idle heap (`RssAnon`) (MiB) | 0.4 |
| Peak memory (`VmHWM`) (MiB) | 3.3 |
| Idle wakeups per minute | 2 |
| Idle CPU in the window (ms) | 1.0 |
| CPU while switching workspaces (ms) | 0.2 |
| Wakeups while switching workspaces *(not gated)* | 2 |
| Threads *(not gated)* | 1 |

**On sway** (sway version 1.12)

| Row | scootbar |
|---|---|
| Size: stripped binary + non-glibc `ldd` closure (bytes) | 1,645,256 |
| Bare executable, stripped (bytes) *(not gated)* | 1,512,160 |
| Startup to first frame (ms) | 16.7 [3.6–26.4] |
| Idle RSS (MiB) | 3.3 |
| Idle PSS (MiB) | 1.9 |
| Idle heap (`RssAnon`) (MiB) | 0.4 |
| Peak memory (`VmHWM`) (MiB) | 3.3 |
| Idle wakeups per minute | 2 |
| Idle CPU in the window (ms) | 0.8 |
| CPU while switching workspaces (ms) | 0.2 |
| Wakeups while switching workspaces *(not gated)* | 2 |
| Threads *(not gated)* | 1 |

Machine, 24 readings around the runs: governor schedutil; cpufreq policy cap below the hardware maximum in 0; current frequency seen 600 to 3204 MHz; a mains supply offline in 0 of them; hwmon temperatures 23 to 30 C.

scootbar's code: 35,512 lines of Rust in `crates/scootbar/src`, 23,176 outside `tests.rs` files; 10 direct dependencies on Linux (ab_glyph, png, rustix, scootbg-mem, serde, serde_json, toml, wayland-client, wayland-protocols, wayland-protocols-wlr).

Gate (no competitor beats scootbar): 0 loss(es).
