[17:54:55] scoot scootbar startup r1 ok {'latency_ms': 31.36}
[17:54:55] scoot scootbar startup r2 ok {'latency_ms': 28.95}
[17:54:55] scoot scootbar startup r3 ok {'latency_ms': 40.48}
[17:54:55] scoot scootbar startup r4 ok {'latency_ms': 35.69}
[17:54:55] scoot scootbar startup r5 ok {'latency_ms': 28.93}
[17:54:55] scoot scootbar idle    r1 ok {'rss_kb': 2944, 'pss_kb': 1558, 'wakeups_per_min': 2.0, 'idle_cpu_ms': 0.94, 'switch_cpu_ms': 0.21}
[18:01:28] sway  scootbar startup r1 ok {'latency_ms': 7.61}
[18:01:28] sway  scootbar startup r2 ok {'latency_ms': 17.17}
[18:01:28] sway  scootbar startup r3 ok {'latency_ms': 18.73}
[18:01:28] sway  scootbar startup r4 ok {'latency_ms': 17.62}
[18:01:28] sway  scootbar startup r5 ok {'latency_ms': 17.6}
[18:01:28] sway  scootbar idle    r1 ok {'rss_kb': 2928, 'pss_kb': 1552, 'wakeups_per_min': 2.0, 'idle_cpu_ms': 0.58, 'switch_cpu_ms': 0.14}
**On scoot** (scoot 0.1.0 (ipc protocol 5))

| Row | scootbar |
|---|---|
| Size: stripped binary + non-glibc `ldd` closure (bytes) | 924,320 |
| Bare executable, stripped (bytes) *(not gated)* | 791,224 |
| Startup to first frame (ms) | 31.4 [28.9–40.5] |
| Idle RSS (MiB) | 2.9 |
| Idle PSS (MiB) | 1.5 |
| Idle heap (`RssAnon`) (MiB) | 0.3 |
| Peak memory (`VmHWM`) (MiB) | 2.9 |
| Idle wakeups per minute | 2 |
| Idle CPU in the window (ms) | 0.9 |
| CPU while switching workspaces (ms) | 0.2 |
| Wakeups while switching workspaces *(not gated)* | 2 |
| Threads *(not gated)* | 1 |

**On sway** (sway version 1.12)

| Row | scootbar |
|---|---|
| Size: stripped binary + non-glibc `ldd` closure (bytes) | 924,320 |
| Bare executable, stripped (bytes) *(not gated)* | 791,224 |
| Startup to first frame (ms) | 17.6 [7.6–18.7] |
| Idle RSS (MiB) | 2.9 |
| Idle PSS (MiB) | 1.5 |
| Idle heap (`RssAnon`) (MiB) | 0.3 |
| Peak memory (`VmHWM`) (MiB) | 2.9 |
| Idle wakeups per minute | 2 |
| Idle CPU in the window (ms) | 0.6 |
| CPU while switching workspaces (ms) | 0.1 |
| Wakeups while switching workspaces *(not gated)* | 2 |
| Threads *(not gated)* | 1 |

Machine, 24 readings around the runs: governor schedutil; cpufreq policy cap below the hardware maximum in 0; current frequency seen 600 to 3204 MHz; a mains supply offline in 0 of them; hwmon temperatures 22 to 27 C.

scootbar's code: 10,628 lines of Rust in `crates/scootbar/src`, 6,995 outside `tests.rs` files; 6 direct dependencies on Linux (ab_glyph, rustix, scootbg-mem, wayland-client, wayland-protocols, wayland-protocols-wlr).

Gate (no competitor beats scootbar): 0 loss(es).
