[09:23:48] scoot scootbar startup r1 ok {'latency_ms': 32.84}
[09:23:48] scoot scootbar startup r2 ok {'latency_ms': 29.04}
[09:23:48] scoot scootbar startup r3 ok {'latency_ms': 29.01}
[09:23:48] scoot scootbar startup r4 ok {'latency_ms': 28.91}
[09:23:48] scoot scootbar startup r5 ok {'latency_ms': 37.54}
[09:23:48] scoot scootbar idle    r1 ok {'rss_kb': 3728, 'pss_kb': 2292, 'wakeups_per_min': 2.0, 'idle_cpu_ms': 0.91, 'switch_cpu_ms': 0.25}
[09:30:22] sway  scootbar startup r1 ok {'latency_ms': 17.61}
[09:30:22] sway  scootbar startup r2 ok {'latency_ms': 7.67}
[09:30:22] sway  scootbar startup r3 ok {'latency_ms': 14.77}
[09:30:22] sway  scootbar startup r4 ok {'latency_ms': 17.31}
[09:30:22] sway  scootbar startup r5 ok {'latency_ms': 17.16}
[09:30:22] sway  scootbar idle    r1 ok {'rss_kb': 3728, 'pss_kb': 2340, 'wakeups_per_min': 2.0, 'idle_cpu_ms': 0.76, 'switch_cpu_ms': 0.19}
**On scoot** (scoot 0.1.0 (ipc protocol 5))

| Row | scootbar |
|---|---|
| Size: stripped binary + non-glibc `ldd` closure (bytes) | 1,645,256 |
| Bare executable, stripped (bytes) *(not gated)* | 1,512,160 |
| Startup to first frame (ms) | 29.0 [28.9–37.5] |
| Idle RSS (MiB) | 3.6 |
| Idle PSS (MiB) | 2.2 |
| Idle heap (`RssAnon`) (MiB) | 0.4 |
| Peak memory (`VmHWM`) (MiB) | 3.6 |
| Idle wakeups per minute | 2 |
| Idle CPU in the window (ms) | 0.9 |
| CPU while switching workspaces (ms) | 0.2 |
| Wakeups while switching workspaces *(not gated)* | 2 |
| Threads *(not gated)* | 1 |

**On sway** (sway version 1.12)

| Row | scootbar |
|---|---|
| Size: stripped binary + non-glibc `ldd` closure (bytes) | 1,645,256 |
| Bare executable, stripped (bytes) *(not gated)* | 1,512,160 |
| Startup to first frame (ms) | 17.2 [7.7–17.6] |
| Idle RSS (MiB) | 3.6 |
| Idle PSS (MiB) | 2.3 |
| Idle heap (`RssAnon`) (MiB) | 0.4 |
| Peak memory (`VmHWM`) (MiB) | 3.6 |
| Idle wakeups per minute | 2 |
| Idle CPU in the window (ms) | 0.8 |
| CPU while switching workspaces (ms) | 0.2 |
| Wakeups while switching workspaces *(not gated)* | 2 |
| Threads *(not gated)* | 1 |

Machine, 24 readings around the runs: governor schedutil; cpufreq policy cap below the hardware maximum in 0; current frequency seen 600 to 2868 MHz; a mains supply offline in 0 of them; hwmon temperatures 22 to 26 C.

scootbar's code: 35,384 lines of Rust in `crates/scootbar/src`, 23,118 outside `tests.rs` files; 10 direct dependencies on Linux (ab_glyph, png, rustix, scootbg-mem, serde, serde_json, toml, wayland-client, wayland-protocols, wayland-protocols-wlr).

Gate (no competitor beats scootbar): 0 loss(es).
