warning: $HOME ('/home/steve') is not owned by you, falling back to the one defined in the 'passwd' file ('/root')
[04:48:43] scoot scootbar startup r1 ok {'latency_ms': 28.45}
[04:48:43] scoot scootbar startup r2 ok {'latency_ms': 49.4}
[04:48:43] scoot scootbar startup r3 ok {'latency_ms': 46.09}
[04:48:43] scoot scootbar startup r4 ok {'latency_ms': 25.81}
[04:48:43] scoot scootbar startup r5 ok {'latency_ms': 30.43}
[04:48:43] scoot scootbar idle    r1 ok {'rss_kb': 3680, 'pss_kb': 2172, 'wakeups_per_min': 2.0, 'idle_cpu_ms': 1.06, 'switch_cpu_ms': 0.25}
[04:55:17] sway  scootbar startup r1 ok {'latency_ms': 18.9}
[04:55:17] sway  scootbar startup r2 ok {'latency_ms': 17.87}
[04:55:17] sway  scootbar startup r3 ok {'latency_ms': 17.88}
[04:55:17] sway  scootbar startup r4 ok {'latency_ms': 8.48}
[04:55:17] sway  scootbar startup r5 ok {'latency_ms': 18.74}
[04:55:17] sway  scootbar idle    r1 ok {'rss_kb': 3680, 'pss_kb': 2207, 'wakeups_per_min': 2.0, 'idle_cpu_ms': 0.94, 'switch_cpu_ms': 0.23}
**On scoot** (scoot 0.1.0 (ipc protocol 5))

| Row | scootbar |
|---|---|
| Size: stripped binary + non-glibc `ldd` closure (bytes) | 1,448,648 |
| Bare executable, stripped (bytes) *(not gated)* | 1,315,552 |
| Startup to first frame (ms) | 30.4 [25.8–49.4] |
| Idle RSS (MiB) | 3.6 |
| Idle PSS (MiB) | 2.1 |
| Idle heap (`RssAnon`) (MiB) | 0.4 |
| Peak memory (`VmHWM`) (MiB) | 3.6 |
| Idle wakeups per minute | 2 |
| Idle CPU in the window (ms) | 1.1 |
| CPU while switching workspaces (ms) | 0.3 |
| Wakeups while switching workspaces *(not gated)* | 2 |
| Threads *(not gated)* | 1 |

**On sway** (sway version 1.12)

| Row | scootbar |
|---|---|
| Size: stripped binary + non-glibc `ldd` closure (bytes) | 1,448,648 |
| Bare executable, stripped (bytes) *(not gated)* | 1,315,552 |
| Startup to first frame (ms) | 17.9 [8.5–18.9] |
| Idle RSS (MiB) | 3.6 |
| Idle PSS (MiB) | 2.2 |
| Idle heap (`RssAnon`) (MiB) | 0.4 |
| Peak memory (`VmHWM`) (MiB) | 3.6 |
| Idle wakeups per minute | 2 |
| Idle CPU in the window (ms) | 0.9 |
| CPU while switching workspaces (ms) | 0.2 |
| Wakeups while switching workspaces *(not gated)* | 2 |
| Threads *(not gated)* | 1 |

Machine, 24 readings around the runs: governor schedutil; cpufreq policy cap below the hardware maximum in 0; current frequency seen 600 to 3204 MHz; a mains supply offline in 0 of them; hwmon temperatures 22 to 27 C.

scootbar's code: 34,909 lines of Rust in `crates/scootbar/src`, 22,779 outside `tests.rs` files; 10 direct dependencies on Linux (ab_glyph, png, rustix, scootbg-mem, serde, serde_json, toml, wayland-client, wayland-protocols, wayland-protocols-wlr).

Gate (no competitor beats scootbar): 0 loss(es).
