cool-down start 20:44:45
recheck 20:47:45: processes=0 bench-cgroups=0 loadavg=0.00 0.03 0.19
[20:54:24] scoot scootbar startup r1 ok {'latency_ms': 42.32}
[20:54:24] scoot scootbar startup r2 ok {'latency_ms': 45.37}
[20:54:24] scoot scootbar startup r3 ok {'latency_ms': 34.37}
[20:54:24] scoot scootbar startup r4 ok {'latency_ms': 34.02}
[20:54:24] scoot scootbar startup r5 ok {'latency_ms': 33.61}
[20:54:24] scoot scootbar idle    r1 ok {'rss_kb': 3616, 'pss_kb': 2139, 'wakeups_per_min': 2.0, 'idle_cpu_ms': 1.11, 'switch_cpu_ms': 27.49}
[20:54:24] scoot yambar   NOT RUN at scope clock-workspaces: yambar 1.11.0 has no ext-workspace-v1 module, so it cannot show workspaces on scoot
[21:00:58] scoot waybar   startup r1 ok {'latency_ms': 87.39}
[21:00:58] scoot waybar   startup r2 ok {'latency_ms': 91.74}
[21:00:58] scoot waybar   startup r3 ok {'latency_ms': 94.25}
[21:00:58] scoot waybar   startup r4 ok {'latency_ms': 85.86}
[21:00:58] scoot waybar   startup r5 ok {'latency_ms': 100.61}
[21:00:58] scoot waybar   idle    r1 ok {'rss_kb': 52544, 'pss_kb': 46648, 'wakeups_per_min': 5.0, 'idle_cpu_ms': 4.25, 'switch_cpu_ms': 482.47}
[21:00:58] scoot ironbar  NOT RUN at scope clock-workspaces: ironbar 0.19.0 has no ext-workspace-v1 support (it speaks compositor IPCs), so it cannot show workspaces on scoot
[21:07:32] scoot ashell   startup r1 ok {'latency_ms': 35.24}
[21:07:32] scoot ashell   startup r2 ok {'latency_ms': 27.34}
[21:07:32] scoot ashell   startup r3 ok {'latency_ms': 38.13}
[21:07:32] scoot ashell   startup r4 ok {'latency_ms': 28.09}
[21:07:32] scoot ashell   startup r5 ok {'latency_ms': 28.6}
[21:07:32] scoot ashell   idle    r1 ok {'rss_kb': 29616, 'pss_kb': 27013, 'wakeups_per_min': 276.2, 'idle_cpu_ms': 95.05, 'switch_cpu_ms': 266.93}
[21:14:06] sway  scootbar startup r1 ok {'latency_ms': 7.75}
[21:14:06] sway  scootbar startup r2 ok {'latency_ms': 17.74}
[21:14:06] sway  scootbar startup r3 ok {'latency_ms': 7.9}
[21:14:06] sway  scootbar startup r4 ok {'latency_ms': 17.37}
[21:14:06] sway  scootbar startup r5 ok {'latency_ms': 17.14}
[21:14:06] sway  scootbar idle    r1 ok {'rss_kb': 3600, 'pss_kb': 2158, 'wakeups_per_min': 2.0, 'idle_cpu_ms': 0.61, 'switch_cpu_ms': 22.34}
[21:20:39] sway  yambar   startup r1 ok {'latency_ms': 27.23}
[21:20:39] sway  yambar   startup r2 ok {'latency_ms': 36.34}
[21:20:39] sway  yambar   startup r3 ok {'latency_ms': 18.77}
[21:20:39] sway  yambar   startup r4 ok {'latency_ms': 27.37}
[21:20:39] sway  yambar   startup r5 ok {'latency_ms': 26.14}
[21:20:39] sway  yambar   idle    r1 ok {'rss_kb': 13712, 'pss_kb': 8225, 'wakeups_per_min': 3.0, 'idle_cpu_ms': 2.25, 'switch_cpu_ms': 187.39}
[21:27:13] sway  waybar   startup r1 ok {'latency_ms': 86.0}
[21:27:13] sway  waybar   startup r2 ok {'latency_ms': 69.28}
[21:27:13] sway  waybar   startup r3 ok {'latency_ms': 80.22}
[21:27:13] sway  waybar   startup r4 ok {'latency_ms': 69.49}
[21:27:13] sway  waybar   startup r5 ok {'latency_ms': 54.35}
[21:27:13] sway  waybar   idle    r1 ok {'rss_kb': 52592, 'pss_kb': 44280, 'wakeups_per_min': 3.0, 'idle_cpu_ms': 5.54, 'switch_cpu_ms': 1455.21}
[21:33:47] sway  ironbar  startup r1 ok {'latency_ms': 66.16}
[21:33:47] sway  ironbar  startup r2 ok {'latency_ms': 60.99}
[21:33:47] sway  ironbar  startup r3 ok {'latency_ms': 59.5}
[21:33:47] sway  ironbar  startup r4 ok {'latency_ms': 61.9}
[21:33:47] sway  ironbar  startup r5 ok {'latency_ms': 51.21}
[21:33:47] sway  ironbar  idle    r1 ok {'rss_kb': 57504, 'pss_kb': 49053, 'wakeups_per_min': 312.79, 'idle_cpu_ms': 55.97, 'switch_cpu_ms': 126.72}
[21:40:21] sway  ashell   startup r1 ok {'latency_ms': 30.54}
[21:40:21] sway  ashell   startup r2 ok {'latency_ms': 21.08}
[21:40:21] sway  ashell   startup r3 ok {'latency_ms': 21.15}
[21:40:21] sway  ashell   startup r4 ok {'latency_ms': 35.44}
[21:40:21] sway  ashell   startup r5 ok {'latency_ms': 31.68}
[21:40:21] sway  ashell   idle    r1 ok {'rss_kb': 28816, 'pss_kb': 26250, 'wakeups_per_min': 194.2, 'idle_cpu_ms': 81.43, 'switch_cpu_ms': 233.7}
**On scoot** (scoot 0.1.0 (ipc protocol 5))

| Row | scootbar | yambar | waybar | ironbar (informational) | ashell (informational) |
|---|---|---|---|---|---|
| Size: stripped binary + non-glibc `ldd` closure (bytes) | 1,383,080 | 20,950,384 | 73,973,448 | 100,859,448 | 39,516,656 |
| Bare executable, stripped (bytes) *(not gated)* | 1,249,984 | 396,008 | 2,954,024 | 24,746,760 | 29,113,952 |
| Startup to first frame (ms) | 34.4 [33.6–45.4] | cannot show this scope | 91.7 [85.9–101] | cannot show this scope | 28.6 [27.3–38.1] |
| Idle RSS (MiB) | 3.5 | cannot show this scope | 51.3 | cannot show this scope | 28.9 |
| Idle PSS (MiB) | 2.1 | cannot show this scope | 45.6 | cannot show this scope | 26.4 |
| Idle heap (`RssAnon`) (MiB) | 0.4 | cannot show this scope | 10.7 | cannot show this scope | 6.7 |
| Peak memory (`VmHWM`) (MiB) | 3.5 | cannot show this scope | 51.3 | cannot show this scope | 28.9 |
| Idle wakeups per minute | 2 | cannot show this scope | 5 | cannot show this scope | 276 |
| Idle CPU in the window (ms) | 1.1 | cannot show this scope | 4.3 | cannot show this scope | 95.1 |
| CPU while switching workspaces (ms) | 27.5 | cannot show this scope | 482 | cannot show this scope | 267 |
| Wakeups while switching workspaces *(not gated)* | 482 | cannot show this scope | 965 | cannot show this scope | 3208 |
| Threads *(not gated)* | 1 | cannot show this scope | 8 | cannot show this scope | 12 |

**On sway** (sway version 1.12)

| Row | scootbar | yambar | waybar | ironbar (informational) | ashell (informational) |
|---|---|---|---|---|---|
| Size: stripped binary + non-glibc `ldd` closure (bytes) | 1,383,080 | 20,950,384 | 73,973,448 | 100,859,448 | 39,516,656 |
| Bare executable, stripped (bytes) *(not gated)* | 1,249,984 | 396,008 | 2,954,024 | 24,746,760 | 29,113,952 |
| Startup to first frame (ms) | 17.1 [7.8–17.7] | 27.2 [18.8–36.3] | 69.5 [54.4–86.0] | 61.0 [51.2–66.2] | 30.5 [21.1–35.4] |
| Idle RSS (MiB) | 3.5 | 13.4 | 51.4 | 56.2 | 28.1 |
| Idle PSS (MiB) | 2.1 | 8.0 | 43.2 | 47.9 | 25.6 |
| Idle heap (`RssAnon`) (MiB) | 0.4 | 3.1 | 10.8 | 14.8 | 6.2 |
| Peak memory (`VmHWM`) (MiB) | 3.5 | 13.4 | 51.4 | 56.2 | 28.1 |
| Idle wakeups per minute | 2 | 3 | 3 | 313 | 194 |
| Idle CPU in the window (ms) | 0.6 | 2.3 | 5.5 | 56.0 | 81.4 |
| CPU while switching workspaces (ms) | 22.3 | 187 | 1455 | 127 | 234 |
| Wakeups while switching workspaces *(not gated)* | 481 | 1202 | 2298 | 1942 | 2912 |
| Threads *(not gated)* | 1 | 4 | 9 | 19 | 12 |

- tie: Startup to first frame: yambar
- tie: Idle wakeups per minute: yambar
- tie: Idle wakeups per minute: waybar

Machine, 96 readings around the runs: governor schedutil; cpufreq policy cap below the hardware maximum in 0; current frequency seen 600 to 3204 MHz; a mains supply offline in 0 of them; hwmon temperatures 22 to 31 C.

scootbar's code: 25,347 lines of Rust in `crates/scootbar/src`, 16,312 outside `tests.rs` files; 10 direct dependencies on Linux (ab_glyph, png, rustix, scootbg-mem, serde, serde_json, toml, wayland-client, wayland-protocols, wayland-protocols-wlr).

Gate (no competitor beats scootbar): 0 loss(es).
Not compared, so not passed: 1 bar and compositor pair(s) cannot show the milestone's scope, so no row was measured or invented for them (the rule does not say what to do then: a maintainer call).
- NOT COMPARED on scoot: yambar: yambar 1.11.0 has no ext-workspace-v1 module, so it cannot show workspaces on scoot

Informational, not gated (ironbar, ashell): the ratified competitors are yambar and Waybar; these columns are context, and promoting them into the rule is the maintainer's call.
0 gated row(s) on which one of them beats scootbar (a finding, counted nowhere).
- not shown on scoot: ironbar: ironbar 0.19.0 has no ext-workspace-v1 support (it speaks compositor IPCs), so it cannot show workspaces on scoot
exit 0
