warning: $HOME ('/home/steve') is not owned by you, falling back to the one defined in the 'passwd' file ('/root')
[04:00:49] scoot scootbar startup r1 ok {'latency_ms': 29.14}
[04:00:49] scoot scootbar startup r2 ok {'latency_ms': 48.29}
[04:00:49] scoot scootbar startup r3 ok {'latency_ms': 37.84}
[04:00:49] scoot scootbar startup r4 ok {'latency_ms': 38.18}
[04:00:49] scoot scootbar startup r5 ok {'latency_ms': 31.89}
[04:00:49] scoot scootbar idle    r1 ok {'rss_kb': 3600, 'pss_kb': 2105, 'wakeups_per_min': 2.0, 'idle_cpu_ms': 0.94, 'switch_cpu_ms': 0.2}
**On scoot** (scoot 0.1.0 (ipc protocol 5))

| Row | scootbar |
|---|---|
| Size: stripped binary + non-glibc `ldd` closure (bytes) | 1,383,080 |
| Bare executable, stripped (bytes) *(not gated)* | 1,249,984 |
| Startup to first frame (ms) | 37.8 [29.1–48.3] |
| Idle RSS (MiB) | 3.5 |
| Idle PSS (MiB) | 2.1 |
| Idle heap (`RssAnon`) (MiB) | 0.4 |
| Peak memory (`VmHWM`) (MiB) | 3.5 |
| Idle wakeups per minute | 2 |
| Idle CPU in the window (ms) | 0.9 |
| CPU while switching workspaces (ms) | 0.2 |
| Wakeups while switching workspaces *(not gated)* | 2 |
| Threads *(not gated)* | 1 |

Machine, 12 readings around the runs: governor schedutil; cpufreq policy cap below the hardware maximum in 0; current frequency seen 600 to 3204 MHz; a mains supply offline in 0 of them; hwmon temperatures 22 to 27 C.

scootbar's code: 25,550 lines of Rust in `crates/scootbar/src`, 16,515 outside `tests.rs` files; 10 direct dependencies on Linux (ab_glyph, png, rustix, scootbg-mem, serde, serde_json, toml, wayland-client, wayland-protocols, wayland-protocols-wlr).

Gate (no competitor beats scootbar): 0 loss(es).
